Defaulting to user installation because normal site-packages is not writeable

